in_source: |-
  loop:
    input
    jz end
    print
    jmp loop
  end:
    halt
in_stdin: |-
  foo
out_code: |-
  [{"opcode": "input", "term": [1, 4, "input"]},
   {"opcode": "jz", "term": [2, 4, "jz end"], "arg": 4},
   {"opcode": "print", "term": [3, 4, "print"]},
   {"opcode": "jmp", "term": [4, 4, "jmp loop"], "arg": 0},
   {"opcode": "halt", "term": [6, 4, "halt"]}]
out_stdout: |
  LoC: 7 code instr: 5
  ============================================================
  output: foo
  instr_counter: 14 ticks: 35
out_log: |